42
0
---output---
42
42
42
42
42
42
42
42
42
42
0
---output---
256
---output---
256
---output---
42
42
0
