55
0
---output---
5
0
---output---
0
0
---output---
-45
0
