1
2
0
---output---
1
2
3
4
0
---output---
1
2
3
4
5
0
---output---
256
---output---
256
---output---
256
---output---
256
