11
66
128
49
133
46
15
87
55
37
78
44
33
38
85
6
150
4
1
55
78
150
0
