42
0
---output---
6
0
---output---
42
0
---output---
256
---output---
256
---output---
256
---output---
42
0
---output---
6
0
---output---
256
---output---
256
---output---
3
2
1
3
2
3
0
---output---
42
42
0
---output---
256
---output---
256
---output---
42
0
---output---
256
---output---
42
0
---output---
30
42
0
---output---
256
---output---
256
---output---
256
---output---
0
---output---
0
