1
0
---output---
1
2
0
---output---
1
2
0
---output---
256
---output---
256
