1
2
3
1
4
0
0
---output---
6
7
13
1
114
0
0
---output---
-3
11
8
14
-15
8
0
