1
2
3
0
---output---
3
2
1
3
2
3
0
---output---
3
3
3
0
