36456
0
---output---
-53612
0
---output---
0
0
---output---
0
0
