0
---output---
0
---output---
256
---output---
1
2
0
