9
0
---output---
256
---output---
256
---output---
256
