1
0
---output---
1
0
---output---
1
0
---output---
1
1
0
